// Jest Snapshot v1, https://goo.gl/fbAQLP

exports[`App Component Snapshot 1`] = `
<div>
  copy
</div>
`;
